{
  "name": "test",
  "version": "1.2.3",
  "dependencies": {
    "rules_prerender": "1.2.3",
    "@rules_prerender/foo": "^1.2.3",
    "@rules_prerender/bar": "~1.2.3"
  },
  "devDependencies": {
    "rules_prerender": "1.2.3",
    "@rules_prerender/foo": "^1.2.3",
    "@rules_prerender/bar": "~1.2.3"
  },
  "peerDependencies": {
    "rules_prerender": "1.2.3",
    "@rules_prerender/foo": "^1.2.3",
    "@rules_prerender/bar": "~1.2.3"
  },
  "optionalDependencies": {
    "rules_prerender": "1.2.3",
    "@rules_prerender/foo": "^1.2.3",
    "@rules_prerender/bar": "~1.2.3"
  }
}
